1,0,0,-8 roots: [-1.0-1.7320508075688772i, -1.0+1.7320508075688772i, 2.0]
mode: x1=−1−1.73205080757i
x2=−1+1.73205080757i  x3=2
1,-6,11,-6 roots: [1.0-1.9259299443872359E-34i, 1.9999999999999993+1.9259299443872359E-34i, 3.0-3.009265538105056E-36i]
mode: x1=1−1.92592994439E-34i
x2=2+1.92592994439E-34i  x3=3−3.00926553811E-36i
1,0,-2,-1 roots: [-0.9999999999999999-1.3063536590459955E-26i, -0.6180339887498947+1.315188901184471E-26i, 1.618033988749895+2.2975515219148806E-31i]
mode: x1=−1−1.30635365905E-26i
x2=−0.61803398875+1.31518890118E-26i  x3=1.61803398875+2.29755152191E-31i
1,0,-5,0,4 roots: [-2.0, -1.0, 1.0, 2.0]
mode: x1=−2
x2=−1  x3=1  x4=2
1,-10,35,-50,24 roots: [1.0-9.4039548065783E-38i, 1.9999999999999942-8.087401133657338E-36i, 2.9999999999999933+3.197344634236622E-36i, 4.000000000000008-2.4993948634358888E-36i]
mode: x1=1−9.40395480658E-38i
x2=2−8.08740113366E-36i  x3=3+3.19734463424E-36i  x4=4−2.49939486344E-36i
1,0,0,-2 roots: [-0.6299605249474366-1.0911236359717214i, -0.6299605249474366+1.0911236359717214i, 1.2599210498948732]
mode: x1=−0.629960524947−1.09112363597i
x2=−0.629960524947+1.09112363597i  x3=1.25992104989
1,0,0,0,-16 roots: [-2.0, -2.0i, 2.0i, 2.0]
mode: x1=−2
x2=−2i  x3=2i  x4=2
